	github.com/karolswdev/docloom/cmd/docloom		coverage: 0.0% of statements
	github.com/karolswdev/docloom/cmd/docloom-agent-csharp		coverage: 0.0% of statements
ok  	github.com/karolswdev/docloom/internal/agent	1.025s	coverage: 73.8% of statements
ok  	github.com/karolswdev/docloom/internal/agents/csharp/parser	1.020s	coverage: 96.8% of statements
ok  	github.com/karolswdev/docloom/internal/ai	1.113s	coverage: 89.3% of statements
ok  	github.com/karolswdev/docloom/internal/chunk	1.023s	coverage: 88.2% of statements
ok  	github.com/karolswdev/docloom/internal/cli	1.052s	coverage: 63.8% of statements
ok  	github.com/karolswdev/docloom/internal/config	1.024s	coverage: 68.7% of statements
ok  	github.com/karolswdev/docloom/internal/generate	1.029s	coverage: 84.0% of statements
ok  	github.com/karolswdev/docloom/internal/ingest	1.031s	coverage: 83.3% of statements
ok  	github.com/karolswdev/docloom/internal/prompt	1.026s	coverage: 98.5% of statements
ok  	github.com/karolswdev/docloom/internal/render	1.019s	coverage: 66.7% of statements
ok  	github.com/karolswdev/docloom/internal/templates	1.023s	coverage: 78.0% of statements
ok  	github.com/karolswdev/docloom/internal/validate	1.026s	coverage: 64.8% of statements
ok  	github.com/karolswdev/docloom/internal/version	1.021s	coverage: 100.0% of statements
ok  	github.com/karolswdev/docloom/test/e2e	1.331s	coverage: [no statements]
